// Jest Snapshot v1, https://goo.gl/fbAQLP

exports[`Component <BarChart /> should renders BarChart with props correctly 1`] = `
<BarChart
  actions={
    Object {
      "fetchPatientsRequest": [Function],
    }
  }
  patientsByDepartment={
    Array [
      Array [],
      Array [],
      Array [],
      Array [],
      Array [],
    ]
  }
  store={
    Object {
      "clearActions": [Function],
      "dispatch": [Function],
      "getActions": [Function],
      "getState": [Function],
      "replaceReducer": [Function],
      "subscribe": [Function],
    }
  }
  storeSubscription={
    Subscription {
      "listeners": Object {
        "clear": [Function],
        "get": [Function],
        "notify": [Function],
        "subscribe": [Function],
      },
      "onStateChange": [Function],
      "parentSub": undefined,
      "store": Object {
        "clearActions": [Function],
        "dispatch": [Function],
        "getActions": [Function],
        "getState": [Function],
        "replaceReducer": [Function],
        "subscribe": [Function],
      },
      "unsubscribe": [Function],
    }
  }
/>
`;
