// Jest Snapshot v1, https://goo.gl/fbAQLP

exports[`Component <PatientSummaryDashboard /> should renders PatientSummaryDashboard with props correctly 1`] = `
<div
  className="ui-section"
  id="dashboard"
>
  <strong
    className="ui-title"
  >
    Patient Summary Dashboard
  </strong>
  <div
    className="ui-sub-section"
  >
    <div
      className="dashboard"
    >
      <div
        className="dashboard-item"
      >
        <div
          className="board"
        >
          <div
            className="board-header"
          >
            <div
              className="control-group right"
            >
              <button
                className="btn btn-success btn-inverse btn-board-more"
              >
                <i
                  className="btn-icon fa fa-caret-right"
                />
              </button>
            </div>
            <h3
              className="board-title"
            >
              Dashboard title
            </h3>
          </div>
          <div
            className="board-body"
          >
            <ul
              className="board-list"
            >
              <li
                className="board-list-item"
              >
                <span
                  className="board-list-link"
                >
                  Dashboard item
                </span>
              </li>
              <li
                className="board-list-item"
              >
                <span
                  className="board-list-link"
                >
                  Dashboard item
                </span>
              </li>
              <li
                className="board-list-item"
              >
                <span
                  className="board-list-link"
                >
                  Dashboard item
                </span>
              </li>
              <li
                className="board-list-item"
              >
                <span
                  className="board-list-link"
                >
                  Dashboard item
                </span>
              </li>
            </ul>
          </div>
        </div>
      </div>
      <div
        className="dashboard-item"
      >
        <div
          className="board"
        >
          <div
            className="board-header"
          >
            <div
              className="control-group right"
            >
              <button
                className="btn btn-success btn-inverse btn-board-more"
              >
                <i
                  className="btn-icon fa fa-caret-right"
                />
              </button>
            </div>
            <h3
              className="board-title"
            >
              Dashboard title
            </h3>
          </div>
          <div
            className="board-body"
          >
            <ul
              className="board-list"
            >
              <li
                className="board-list-item"
              >
                <span
                  className="board-list-link"
                >
                  Dashboard item
                </span>
              </li>
              <li
                className="board-list-item"
              >
                <span
                  className="board-list-link"
                >
                  Dashboard item
                </span>
              </li>
              <li
                className="board-list-item"
              >
                <span
                  className="board-list-link"
                >
                  Dashboard item
                </span>
              </li>
              <li
                className="board-list-item"
              >
                <span
                  className="board-list-link"
                />
              </li>
            </ul>
          </div>
        </div>
      </div>
      <div
        className="dashboard-item"
      >
        <div
          className="board"
        >
          <div
            className="board-header"
          >
            <div
              className="control-group right"
            >
              <button
                className="btn btn-success btn-inverse btn-board-more"
              >
                <i
                  className="btn-icon fa fa-caret-right"
                />
              </button>
            </div>
            <h3
              className="board-title"
            >
              Dashboard title
            </h3>
          </div>
          <div
            className="board-body"
          >
            <ul
              className="board-list"
            >
              <li
                className="board-list-item"
              >
                <span
                  className="board-list-link"
                >
                  Dashboard item
                </span>
              </li>
              <li
                className="board-list-item"
              >
                <span
                  className="board-list-link"
                >
                  Dashboard item
                </span>
              </li>
              <li
                className="board-list-item"
              >
                <span
                  className="board-list-link"
                />
              </li>
              <li
                className="board-list-item"
              >
                <span
                  className="board-list-link"
                />
              </li>
            </ul>
          </div>
        </div>
      </div>
      <div
        className="dashboard-item"
      >
        <div
          className="board"
        >
          <div
            className="board-header"
          >
            <div
              className="control-group right"
            >
              <button
                className="btn btn-success btn-inverse btn-board-more"
              >
                <i
                  className="btn-icon fa fa-caret-right"
                />
              </button>
            </div>
            <h3
              className="board-title"
            >
              Dashboard title
            </h3>
          </div>
          <div
            className="board-body"
          >
            <ul
              className="board-list"
            >
              <li
                className="board-list-item"
              >
                <span
                  className="board-list-link"
                >
                  Dashboard item
                </span>
              </li>
              <li
                className="board-list-item"
              >
                <span
                  className="board-list-link"
                />
              </li>
              <li
                className="board-list-item"
              >
                <span
                  className="board-list-link"
                />
              </li>
              <li
                className="board-list-item"
              >
                <span
                  className="board-list-link"
                />
              </li>
            </ul>
          </div>
        </div>
      </div>
    </div>
  </div>
</div>
`;
