// Jest Snapshot v1, https://goo.gl/fbAQLP

exports[`Component <Timeline /> should renders Timeline with props correctly 1`] = `
<div
  className="ui-section"
  id="timeline"
>
  <strong
    className="ui-title"
  >
    Timeline
  </strong>
  <div
    className="ui-sub-section"
  >
    <div
      className="wrap-timeline"
    >
      <div
        className="timeline-content-scroll"
      >
        <div
          className="timeline"
        >
          <div
            className="timeline-inner"
          >
            <div
              key="0"
            >
              <div
                className="timeline-header"
              >
                29-Mar-2017
              </div>
              <div
                className="timeline-date-group"
              >
                <div
                  className="timeline-date left"
                >
                  <div
                    className="timeline-date-content"
                  >
                    <div
                      className="timeline-date-title"
                    >
                      test
                    </div>
                    <div
                      className="timeline-date-subtitle"
                    >
                      Appointment
                    </div>
                    <div
                      className="timeline-date-text"
                    >
                      29-Mar-2017
                    </div>
                  </div>
                </div>
              </div>
            </div>
            <div
              key="1"
            >
              <div
                className="timeline-header"
              >
                29-Mar-2017
              </div>
              <div
                className="timeline-date-group"
              >
                <div
                  className="timeline-date right"
                >
                  <div
                    className="timeline-date-content"
                  >
                    <div
                      className="timeline-date-title"
                    >
                      test4
                    </div>
                    <div
                      className="timeline-date-subtitle"
                    >
                      Appointment
                    </div>
                    <div
                      className="timeline-date-text"
                    >
                      29-Mar-2017
                    </div>
                  </div>
                </div>
              </div>
            </div>
            <div
              key="2"
            >
              <div
                className="timeline-header"
              >
                29-Mar-2017
              </div>
              <div
                className="timeline-date-group"
              >
                <div
                  className="timeline-date left"
                >
                  <div
                    className="timeline-date-content"
                  >
                    <div
                      className="timeline-date-title"
                    >
                      11111
                    </div>
                    <div
                      className="timeline-date-subtitle"
                    >
                      Appointment
                    </div>
                    <div
                      className="timeline-date-text"
                    >
                      29-Mar-2017
                    </div>
                  </div>
                </div>
              </div>
            </div>
            <div
              key="3"
            >
              <div
                className="timeline-header"
              >
                23-Mar-2017
              </div>
              <div
                className="timeline-date-group"
              >
                <div
                  className="timeline-date right"
                >
                  <div
                    className="timeline-date-content"
                  >
                    <div
                      className="timeline-date-title"
                    >
                      test1142
                    </div>
                    <div
                      className="timeline-date-subtitle"
                    >
                      Appointment
                    </div>
                    <div
                      className="timeline-date-text"
                    >
                      23-Mar-2017
                    </div>
                  </div>
                </div>
              </div>
            </div>
            <div
              key="4"
            >
              <div
                className="timeline-header"
              >
                23-Mar-2017
              </div>
              <div
                className="timeline-date-group"
              >
                <div
                  className="timeline-date left"
                >
                  <div
                    className="timeline-date-content"
                  >
                    <div
                      className="timeline-date-title"
                    >
                      eeeee2
                    </div>
                    <div
                      className="timeline-date-subtitle"
                    >
                      Appointment
                    </div>
                    <div
                      className="timeline-date-text"
                    >
                      23-Mar-2017
                    </div>
                  </div>
                </div>
              </div>
            </div>
            <div
              key="5"
            >
              <div
                className="timeline-header"
              >
                23-Mar-2017
              </div>
              <div
                className="timeline-date-group"
              >
                <div
                  className="timeline-date right"
                >
                  <div
                    className="timeline-date-content"
                  >
                    <div
                      className="timeline-date-title"
                    >
                      test2
                    </div>
                    <div
                      className="timeline-date-subtitle"
                    >
                      Appointment
                    </div>
                    <div
                      className="timeline-date-text"
                    >
                      23-Mar-2017
                    </div>
                  </div>
                </div>
              </div>
            </div>
            <div
              key="6"
            >
              <div
                className="timeline-header"
              >
                23-Mar-2017
              </div>
              <div
                className="timeline-date-group"
              >
                <div
                  className="timeline-date left"
                >
                  <div
                    className="timeline-date-content"
                  >
                    <div
                      className="timeline-date-title"
                    >
                      qwerty1
                    </div>
                    <div
                      className="timeline-date-subtitle"
                    >
                      Appointment
                    </div>
                    <div
                      className="timeline-date-text"
                    >
                      23-Mar-2017
                    </div>
                  </div>
                </div>
              </div>
            </div>
            <div
              key="7"
            >
              <div
                className="timeline-header"
              >
                22-Mar-2017
              </div>
              <div
                className="timeline-date-group"
              >
                <div
                  className="timeline-date right"
                >
                  <div
                    className="timeline-date-content"
                  >
                    <div
                      className="timeline-date-title"
                    >
                      test
                    </div>
                    <div
                      className="timeline-date-subtitle"
                    >
                      Appointment
                    </div>
                    <div
                      className="timeline-date-text"
                    >
                      22-Mar-2017
                    </div>
                  </div>
                </div>
              </div>
            </div>
            <div
              key="8"
            >
              <div
                className="timeline-header"
              >
                22-Mar-2017
              </div>
              <div
                className="timeline-date-group"
              >
                <div
                  className="timeline-date left"
                >
                  <div
                    className="timeline-date-content"
                  >
                    <div
                      className="timeline-date-title"
                    >
                      test
                    </div>
                    <div
                      className="timeline-date-subtitle"
                    >
                      Appointment
                    </div>
                    <div
                      className="timeline-date-text"
                    >
                      22-Mar-2017
                    </div>
                  </div>
                </div>
              </div>
            </div>
            <div
              key="9"
            >
              <div
                className="timeline-header"
              >
                21-Mar-2017
              </div>
              <div
                className="timeline-date-group"
              >
                <div
                  className="timeline-date right"
                >
                  <div
                    className="timeline-date-content"
                  >
                    <div
                      className="timeline-date-title"
                    >
                      11
                    </div>
                    <div
                      className="timeline-date-subtitle"
                    >
                      Appointment
                    </div>
                    <div
                      className="timeline-date-text"
                    >
                      21-Mar-2017
                    </div>
                  </div>
                </div>
              </div>
            </div>
            <div
              key="10"
            >
              <div
                className="timeline-header"
              >
                21-Mar-2017
              </div>
              <div
                className="timeline-date-group"
              >
                <div
                  className="timeline-date left"
                >
                  <div
                    className="timeline-date-content"
                  >
                    <div
                      className="timeline-date-title"
                    >
                      test
                    </div>
                    <div
                      className="timeline-date-subtitle"
                    >
                      Appointment
                    </div>
                    <div
                      className="timeline-date-text"
                    >
                      21-Mar-2017
                    </div>
                  </div>
                </div>
              </div>
            </div>
            <div
              key="11"
            >
              <div
                className="timeline-header"
              >
                21-Mar-2017
              </div>
              <div
                className="timeline-date-group"
              >
                <div
                  className="timeline-date right"
                >
                  <div
                    className="timeline-date-content"
                  >
                    <div
                      className="timeline-date-title"
                    >
                      test3
                    </div>
                    <div
                      className="timeline-date-subtitle"
                    >
                      Appointment
                    </div>
                    <div
                      className="timeline-date-text"
                    >
                      21-Mar-2017
                    </div>
                  </div>
                </div>
              </div>
            </div>
            <div
              key="12"
            >
              <div
                className="timeline-header"
              >
                21-Mar-2017
              </div>
              <div
                className="timeline-date-group"
              >
                <div
                  className="timeline-date left"
                >
                  <div
                    className="timeline-date-content"
                  >
                    <div
                      className="timeline-date-title"
                    >
                      test123
                    </div>
                    <div
                      className="timeline-date-subtitle"
                    >
                      Appointment
                    </div>
                    <div
                      className="timeline-date-text"
                    >
                      21-Mar-2017
                    </div>
                  </div>
                </div>
              </div>
            </div>
            <div
              key="13"
            >
              <div
                className="timeline-header"
              >
                20-Mar-2017
              </div>
              <div
                className="timeline-date-group"
              >
                <div
                  className="timeline-date right"
                >
                  <div
                    className="timeline-date-content"
                  >
                    <div
                      className="timeline-date-title"
                    >
                      RippleT5
                    </div>
                    <div
                      className="timeline-date-subtitle"
                    >
                      Appointment
                    </div>
                    <div
                      className="timeline-date-text"
                    >
                      20-Mar-2017
                    </div>
                  </div>
                </div>
              </div>
            </div>
            <div
              key="14"
            >
              <div
                className="timeline-header"
              >
                20-Mar-2017
              </div>
              <div
                className="timeline-date-group"
              >
                <div
                  className="timeline-date left"
                >
                  <div
                    className="timeline-date-content"
                  >
                    <div
                      className="timeline-date-title"
                    >
                      test
                    </div>
                    <div
                      className="timeline-date-subtitle"
                    >
                      Appointment
                    </div>
                    <div
                      className="timeline-date-text"
                    >
                      20-Mar-2017
                    </div>
                  </div>
                </div>
              </div>
            </div>
            <div
              key="15"
            >
              <div
                className="timeline-header"
              >
                19-Mar-2017
              </div>
              <div
                className="timeline-date-group"
              >
                <div
                  className="timeline-date right"
                >
                  <div
                    className="timeline-date-content"
                  >
                    <div
                      className="timeline-date-title"
                    >
                      qq55
                    </div>
                    <div
                      className="timeline-date-subtitle"
                    >
                      Appointment
                    </div>
                    <div
                      className="timeline-date-text"
                    >
                      19-Mar-2017
                    </div>
                  </div>
                </div>
              </div>
            </div>
            <div
              key="16"
            >
              <div
                className="timeline-header"
              >
                18-Mar-2017
              </div>
              <div
                className="timeline-date-group"
              >
                <div
                  className="timeline-date left"
                >
                  <div
                    className="timeline-date-content"
                  >
                    <div
                      className="timeline-date-title"
                    >
                      qq44
                    </div>
                    <div
                      className="timeline-date-subtitle"
                    >
                      Appointment
                    </div>
                    <div
                      className="timeline-date-text"
                    >
                      18-Mar-2017
                    </div>
                  </div>
                </div>
              </div>
            </div>
            <div
              key="17"
            >
              <div
                className="timeline-header"
              >
                17-Mar-2017
              </div>
              <div
                className="timeline-date-group"
              >
                <div
                  className="timeline-date right"
                >
                  <div
                    className="timeline-date-content"
                  >
                    <div
                      className="timeline-date-title"
                    >
                      test417
                    </div>
                    <div
                      className="timeline-date-subtitle"
                    >
                      Appointment
                    </div>
                    <div
                      className="timeline-date-text"
                    >
                      17-Mar-2017
                    </div>
                  </div>
                </div>
              </div>
            </div>
            <div
              key="18"
            >
              <div
                className="timeline-header"
              >
                17-Mar-2017
              </div>
              <div
                className="timeline-date-group"
              >
                <div
                  className="timeline-date left"
                >
                  <div
                    className="timeline-date-content"
                  >
                    <div
                      className="timeline-date-title"
                    >
                      test1
                    </div>
                    <div
                      className="timeline-date-subtitle"
                    >
                      Appointment
                    </div>
                    <div
                      className="timeline-date-text"
                    >
                      17-Mar-2017
                    </div>
                  </div>
                </div>
              </div>
            </div>
            <div
              key="19"
            >
              <div
                className="timeline-header"
              >
                17-Mar-2017
              </div>
              <div
                className="timeline-date-group"
              >
                <div
                  className="timeline-date right"
                >
                  <div
                    className="timeline-date-content"
                  >
                    <div
                      className="timeline-date-title"
                    >
                      eeeee
                    </div>
                    <div
                      className="timeline-date-subtitle"
                    >
                      Appointment
                    </div>
                    <div
                      className="timeline-date-text"
                    >
                      17-Mar-2017
                    </div>
                  </div>
                </div>
              </div>
            </div>
            <div
              key="20"
            >
              <div
                className="timeline-header"
              >
                17-Mar-2017
              </div>
              <div
                className="timeline-date-group"
              >
                <div
                  className="timeline-date left"
                >
                  <div
                    className="timeline-date-content"
                  >
                    <div
                      className="timeline-date-title"
                    >
                      qq33
                    </div>
                    <div
                      className="timeline-date-subtitle"
                    >
                      Appointment
                    </div>
                    <div
                      className="timeline-date-text"
                    >
                      17-Mar-2017
                    </div>
                  </div>
                </div>
              </div>
            </div>
            <div
              key="21"
            >
              <div
                className="timeline-header"
              >
                17-Mar-2017
              </div>
              <div
                className="timeline-date-group"
              >
                <div
                  className="timeline-date right"
                >
                  <div
                    className="timeline-date-content"
                  >
                    <div
                      className="timeline-date-title"
                    >
                      qq22
                    </div>
                    <div
                      className="timeline-date-subtitle"
                    >
                      Appointment
                    </div>
                    <div
                      className="timeline-date-text"
                    >
                      17-Mar-2017
                    </div>
                  </div>
                </div>
              </div>
            </div>
          </div>
        </div>
      </div>
    </div>
  </div>
</div>
`;
