// Jest Snapshot v1, https://goo.gl/fbAQLP

exports[`Component <Vitals /> should renders Vitals with props correctly 1`] = `
<div
  className="ui-section"
  id="vitals-popover"
>
  <strong
    className="ui-title"
  >
    Vitals - News Input and Popover 
  </strong>
  <div
    className="ui-sub-section"
  >
    <div
      className="vitals-group-wrapper"
    >
      <div
        className="row"
      >
        <div
          className="col-xs-12 col-sm-6"
        >
          <div
            className="vitals-group highlighter-wrapper"
          >
            <span
              className="highlighter-warning"
            />
            <label
              className="vitals-label"
            >
              Respiration Rate
            </label>
            <VitalsPopover
              detailValue="23"
              id="respirationRate"
              popoverLabels={
                Array [
                  Object {
                    "place": 1,
                    "text": "≤ 8",
                  },
                  Object {
                    "place": 3,
                    "text": "9-11",
                  },
                  Object {
                    "place": 4,
                    "text": "12-20",
                  },
                  Object {
                    "place": 5,
                    "text": "21-24",
                  },
                  Object {
                    "place": 7,
                    "text": "≥ 25",
                  },
                ]
              }
              title="Respiration Rate"
              vitalStatusesType="warning"
              vitalsAddon="resps/min"
            />
          </div>
        </div>
        <div
          className="col-xs-12 col-sm-6"
        >
          <div
            className="vitals-group highlighter-wrapper"
          >
            <span
              className="highlighter-success"
            />
            <label
              className="vitals-label"
            >
              Heart Rate
            </label>
            <VitalsPopover
              detailValue="45"
              id="heartRate"
              popoverLabels={
                Array [
                  Object {
                    "place": 1,
                    "text": "≤ 40",
                  },
                  Object {
                    "place": 3,
                    "text": "41-50",
                  },
                  Object {
                    "place": 4,
                    "text": "51-90",
                  },
                  Object {
                    "place": 5,
                    "text": "91-110",
                  },
                  Object {
                    "place": 6,
                    "text": "111-130",
                  },
                  Object {
                    "place": 7,
                    "text": "≥ 131",
                  },
                ]
              }
              title="Heart Rate"
              vitalStatusesType="success"
              vitalsAddon="bpm"
            />
          </div>
        </div>
        <div
          className="col-xs-12 col-sm-6"
        >
          <div
            className="vitals-group highlighter-wrapper"
          >
            <span
              className="highlighter-danger"
            />
            <label
              className="vitals-label"
            >
              NEWS Score
            </label>
            <div
              className="input-holder vitals-holder danger"
            >
              <div
                className="form-control input-sm"
              >
                12
              </div>
            </div>
          </div>
        </div>
      </div>
    </div>
  </div>
</div>
`;

exports[`Component <VitalsPopover /> should renders VitalsPopover with props correctly 1`] = `
<div
  className="input-group vitals-holder popover-wrap success"
  id="popover-wrap-heartRate"
>
  <div
    className="form-control input-sm"
  >
    45
  </div>
  <span
    className="vitals-addon popover-toggle"
    onClick={[Function]}
  >
    bpm
  </span>
  <div
    className="popover vitals-popover fade"
  >
    <div
      className="arrow"
    />
    <div
      className="popover-inner"
    >
      <h3
        className="popover-title"
      >
        Heart Rate
      </h3>
      <div
        className="popover-content"
      >
        <div
          className="range-vital-labels"
        >
          <div
            className="range-vital-label place-1"
            key="0"
          >
            ≤ 40
          </div>
          <div
            className="range-vital-label place-3"
            key="1"
          >
            41-50
          </div>
          <div
            className="range-vital-label place-4"
            key="2"
          >
            51-90
          </div>
          <div
            className="range-vital-label place-5"
            key="3"
          >
            91-110
          </div>
          <div
            className="range-vital-label place-6"
            key="4"
          >
            111-130
          </div>
          <div
            className="range-vital-label place-7"
            key="5"
          >
            ≥ 131
          </div>
          <img
            alt=""
            src="range-vital.jpg"
          />
        </div>
      </div>
    </div>
  </div>
</div>
`;
