// Jest Snapshot v1, https://goo.gl/fbAQLP

exports[`Component <Checkboxes /> should renders Checkboxes with props correctly 1`] = `
<div
  className="ui-section"
  id="checkboxes"
>
  <strong
    className="ui-title"
  >
    Checkboxes
  </strong>
  <div
    className="form-group-wrapper"
  >
    <div
      className="form-group"
    >
      <div
        className="input-holder"
      >
        <div
          className="input-holder"
        >
          <div
            className="wrap-fcustominp"
          >
            <div
              className="fcustominp"
              onClick={[Function]}
            >
              <input
                checked={false}
                id="checkboxTest1"
                type="checkbox"
              />
              <label
                for="checkboxTest1"
              />
            </div>
            <label
              className="fcustominp-label"
            >
              Checkbox Test 1
            </label>
          </div>
        </div>
      </div>
    </div>
    <div
      className="form-group"
    >
      <div
        className="input-holder"
      >
        <div
          className="input-holder"
        >
          <div
            className="wrap-fcustominp"
          >
            <div
              className="fcustominp"
              onClick={[Function]}
            >
              <input
                checked={false}
                id="checkboxTest2"
                type="checkbox"
              />
              <label
                for="checkboxTest2"
              />
            </div>
            <label
              className="fcustominp-label"
            >
              Checkbox Test 2
            </label>
          </div>
        </div>
      </div>
    </div>
    <div
      className="form-group"
    >
      <div
        className="input-holder"
      >
        <div
          className="input-holder"
        >
          <div
            className="wrap-fcustominp"
          >
            <div
              className="fcustominp-state disabled"
            >
              <div
                className="fcustominp"
              >
                <input
                  disabled={true}
                  id="checkboxTest6"
                  type="checkbox"
                />
                <label
                  for="radioTest6"
                />
              </div>
              <label
                className="fcustominp-label"
                for="radioTest6"
              >
                Checkbox Test 3
              </label>
            </div>
          </div>
        </div>
      </div>
    </div>
    <div
      className="form-group"
    >
      <div
        className="input-holder"
      >
        <div
          className="input-holder"
        >
          <div
            className="wrap-fcustominps-inline"
          >
            <div
              className="wrap-fcustominp"
            >
              <div
                className="fcustominp"
                onClick={[Function]}
              >
                <input
                  checked={false}
                  id="checkboxTest3"
                  type="checkbox"
                />
                <label
                  for="checkboxTest3"
                />
              </div>
              <label
                className="fcustominp-label"
              >
                Checkbox Inline Test 1
              </label>
            </div>
            <div
              className="wrap-fcustominp"
            >
              <div
                className="fcustominp"
                onClick={[Function]}
              >
                <input
                  checked={false}
                  id="checkboxTest4"
                  type="checkbox"
                />
                <label
                  for="checkboxTest4"
                />
              </div>
              <label
                className="fcustominp-label"
              >
                Checkbox Inline Test 2
              </label>
            </div>
            <div
              className="wrap-fcustominp"
            >
              <div
                className="fcustominp"
                onClick={[Function]}
              >
                <input
                  checked={false}
                  id="checkboxTest5"
                  type="checkbox"
                />
                <label
                  for="checkboxTest5"
                />
              </div>
              <label
                className="fcustominp-label"
              >
                Checkbox Inline Test 3
              </label>
            </div>
          </div>
        </div>
      </div>
    </div>
  </div>
</div>
`;

exports[`Component <Checkboxes /> should renders Checkboxes with props correctly 2`] = `
<div
  className="ui-section"
  id="checkboxes"
>
  <strong
    className="ui-title"
  >
    Checkboxes
  </strong>
  <div
    className="form-group-wrapper"
  >
    <div
      className="form-group"
    >
      <div
        className="input-holder"
      >
        <div
          className="input-holder"
        >
          <div
            className="wrap-fcustominp"
          >
            <div
              className="fcustominp"
              onClick={[Function]}
            >
              <input
                checked={true}
                id="checkboxTest1"
                type="checkbox"
              />
              <label
                for="checkboxTest1"
              />
            </div>
            <label
              className="fcustominp-label"
            >
              Checkbox Test 1
            </label>
          </div>
        </div>
      </div>
    </div>
    <div
      className="form-group"
    >
      <div
        className="input-holder"
      >
        <div
          className="input-holder"
        >
          <div
            className="wrap-fcustominp"
          >
            <div
              className="fcustominp"
              onClick={[Function]}
            >
              <input
                checked={false}
                id="checkboxTest2"
                type="checkbox"
              />
              <label
                for="checkboxTest2"
              />
            </div>
            <label
              className="fcustominp-label"
            >
              Checkbox Test 2
            </label>
          </div>
        </div>
      </div>
    </div>
    <div
      className="form-group"
    >
      <div
        className="input-holder"
      >
        <div
          className="input-holder"
        >
          <div
            className="wrap-fcustominp"
          >
            <div
              className="fcustominp-state disabled"
            >
              <div
                className="fcustominp"
              >
                <input
                  disabled={true}
                  id="checkboxTest6"
                  type="checkbox"
                />
                <label
                  for="radioTest6"
                />
              </div>
              <label
                className="fcustominp-label"
                for="radioTest6"
              >
                Checkbox Test 3
              </label>
            </div>
          </div>
        </div>
      </div>
    </div>
    <div
      className="form-group"
    >
      <div
        className="input-holder"
      >
        <div
          className="input-holder"
        >
          <div
            className="wrap-fcustominps-inline"
          >
            <div
              className="wrap-fcustominp"
            >
              <div
                className="fcustominp"
                onClick={[Function]}
              >
                <input
                  checked={false}
                  id="checkboxTest3"
                  type="checkbox"
                />
                <label
                  for="checkboxTest3"
                />
              </div>
              <label
                className="fcustominp-label"
              >
                Checkbox Inline Test 1
              </label>
            </div>
            <div
              className="wrap-fcustominp"
            >
              <div
                className="fcustominp"
                onClick={[Function]}
              >
                <input
                  checked={false}
                  id="checkboxTest4"
                  type="checkbox"
                />
                <label
                  for="checkboxTest4"
                />
              </div>
              <label
                className="fcustominp-label"
              >
                Checkbox Inline Test 2
              </label>
            </div>
            <div
              className="wrap-fcustominp"
            >
              <div
                className="fcustominp"
                onClick={[Function]}
              >
                <input
                  checked={false}
                  id="checkboxTest5"
                  type="checkbox"
                />
                <label
                  for="checkboxTest5"
                />
              </div>
              <label
                className="fcustominp-label"
              >
                Checkbox Inline Test 3
              </label>
            </div>
          </div>
        </div>
      </div>
    </div>
  </div>
</div>
`;

exports[`Component <Checkboxes /> should renders Checkboxes with props correctly 3`] = `
<div
  className="ui-section"
  id="checkboxes"
>
  <strong
    className="ui-title"
  >
    Checkboxes
  </strong>
  <div
    className="form-group-wrapper"
  >
    <div
      className="form-group"
    >
      <div
        className="input-holder"
      >
        <div
          className="input-holder"
        >
          <div
            className="wrap-fcustominp"
          >
            <div
              className="fcustominp"
              onClick={[Function]}
            >
              <input
                checked={false}
                id="checkboxTest1"
                type="checkbox"
              />
              <label
                for="checkboxTest1"
              />
            </div>
            <label
              className="fcustominp-label"
            >
              Checkbox Test 1
            </label>
          </div>
        </div>
      </div>
    </div>
    <div
      className="form-group"
    >
      <div
        className="input-holder"
      >
        <div
          className="input-holder"
        >
          <div
            className="wrap-fcustominp"
          >
            <div
              className="fcustominp"
              onClick={[Function]}
            >
              <input
                checked={true}
                id="checkboxTest2"
                type="checkbox"
              />
              <label
                for="checkboxTest2"
              />
            </div>
            <label
              className="fcustominp-label"
            >
              Checkbox Test 2
            </label>
          </div>
        </div>
      </div>
    </div>
    <div
      className="form-group"
    >
      <div
        className="input-holder"
      >
        <div
          className="input-holder"
        >
          <div
            className="wrap-fcustominp"
          >
            <div
              className="fcustominp-state disabled"
            >
              <div
                className="fcustominp"
              >
                <input
                  disabled={true}
                  id="checkboxTest6"
                  type="checkbox"
                />
                <label
                  for="radioTest6"
                />
              </div>
              <label
                className="fcustominp-label"
                for="radioTest6"
              >
                Checkbox Test 3
              </label>
            </div>
          </div>
        </div>
      </div>
    </div>
    <div
      className="form-group"
    >
      <div
        className="input-holder"
      >
        <div
          className="input-holder"
        >
          <div
            className="wrap-fcustominps-inline"
          >
            <div
              className="wrap-fcustominp"
            >
              <div
                className="fcustominp"
                onClick={[Function]}
              >
                <input
                  checked={false}
                  id="checkboxTest3"
                  type="checkbox"
                />
                <label
                  for="checkboxTest3"
                />
              </div>
              <label
                className="fcustominp-label"
              >
                Checkbox Inline Test 1
              </label>
            </div>
            <div
              className="wrap-fcustominp"
            >
              <div
                className="fcustominp"
                onClick={[Function]}
              >
                <input
                  checked={false}
                  id="checkboxTest4"
                  type="checkbox"
                />
                <label
                  for="checkboxTest4"
                />
              </div>
              <label
                className="fcustominp-label"
              >
                Checkbox Inline Test 2
              </label>
            </div>
            <div
              className="wrap-fcustominp"
            >
              <div
                className="fcustominp"
                onClick={[Function]}
              >
                <input
                  checked={false}
                  id="checkboxTest5"
                  type="checkbox"
                />
                <label
                  for="checkboxTest5"
                />
              </div>
              <label
                className="fcustominp-label"
              >
                Checkbox Inline Test 3
              </label>
            </div>
          </div>
        </div>
      </div>
    </div>
  </div>
</div>
`;

exports[`Component <Checkboxes /> should renders Checkboxes with props correctly 4`] = `
<div
  className="ui-section"
  id="checkboxes"
>
  <strong
    className="ui-title"
  >
    Checkboxes
  </strong>
  <div
    className="form-group-wrapper"
  >
    <div
      className="form-group"
    >
      <div
        className="input-holder"
      >
        <div
          className="input-holder"
        >
          <div
            className="wrap-fcustominp"
          >
            <div
              className="fcustominp"
              onClick={[Function]}
            >
              <input
                checked={false}
                id="checkboxTest1"
                type="checkbox"
              />
              <label
                for="checkboxTest1"
              />
            </div>
            <label
              className="fcustominp-label"
            >
              Checkbox Test 1
            </label>
          </div>
        </div>
      </div>
    </div>
    <div
      className="form-group"
    >
      <div
        className="input-holder"
      >
        <div
          className="input-holder"
        >
          <div
            className="wrap-fcustominp"
          >
            <div
              className="fcustominp"
              onClick={[Function]}
            >
              <input
                checked={false}
                id="checkboxTest2"
                type="checkbox"
              />
              <label
                for="checkboxTest2"
              />
            </div>
            <label
              className="fcustominp-label"
            >
              Checkbox Test 2
            </label>
          </div>
        </div>
      </div>
    </div>
    <div
      className="form-group"
    >
      <div
        className="input-holder"
      >
        <div
          className="input-holder"
        >
          <div
            className="wrap-fcustominp"
          >
            <div
              className="fcustominp-state disabled"
            >
              <div
                className="fcustominp"
              >
                <input
                  disabled={true}
                  id="checkboxTest6"
                  type="checkbox"
                />
                <label
                  for="radioTest6"
                />
              </div>
              <label
                className="fcustominp-label"
                for="radioTest6"
              >
                Checkbox Test 3
              </label>
            </div>
          </div>
        </div>
      </div>
    </div>
    <div
      className="form-group"
    >
      <div
        className="input-holder"
      >
        <div
          className="input-holder"
        >
          <div
            className="wrap-fcustominps-inline"
          >
            <div
              className="wrap-fcustominp"
            >
              <div
                className="fcustominp"
                onClick={[Function]}
              >
                <input
                  checked={false}
                  id="checkboxTest3"
                  type="checkbox"
                />
                <label
                  for="checkboxTest3"
                />
              </div>
              <label
                className="fcustominp-label"
              >
                Checkbox Inline Test 1
              </label>
            </div>
            <div
              className="wrap-fcustominp"
            >
              <div
                className="fcustominp"
                onClick={[Function]}
              >
                <input
                  checked={false}
                  id="checkboxTest4"
                  type="checkbox"
                />
                <label
                  for="checkboxTest4"
                />
              </div>
              <label
                className="fcustominp-label"
              >
                Checkbox Inline Test 2
              </label>
            </div>
            <div
              className="wrap-fcustominp"
            >
              <div
                className="fcustominp"
                onClick={[Function]}
              >
                <input
                  checked={false}
                  id="checkboxTest5"
                  type="checkbox"
                />
                <label
                  for="checkboxTest5"
                />
              </div>
              <label
                className="fcustominp-label"
              >
                Checkbox Inline Test 3
              </label>
            </div>
          </div>
        </div>
      </div>
    </div>
  </div>
</div>
`;

exports[`Component <Checkboxes /> should renders Checkboxes with props correctly 5`] = `
<div
  className="ui-section"
  id="checkboxes"
>
  <strong
    className="ui-title"
  >
    Checkboxes
  </strong>
  <div
    className="form-group-wrapper"
  >
    <div
      className="form-group"
    >
      <div
        className="input-holder"
      >
        <div
          className="input-holder"
        >
          <div
            className="wrap-fcustominp"
          >
            <div
              className="fcustominp"
              onClick={[Function]}
            >
              <input
                checked={false}
                id="checkboxTest1"
                type="checkbox"
              />
              <label
                for="checkboxTest1"
              />
            </div>
            <label
              className="fcustominp-label"
            >
              Checkbox Test 1
            </label>
          </div>
        </div>
      </div>
    </div>
    <div
      className="form-group"
    >
      <div
        className="input-holder"
      >
        <div
          className="input-holder"
        >
          <div
            className="wrap-fcustominp"
          >
            <div
              className="fcustominp"
              onClick={[Function]}
            >
              <input
                checked={false}
                id="checkboxTest2"
                type="checkbox"
              />
              <label
                for="checkboxTest2"
              />
            </div>
            <label
              className="fcustominp-label"
            >
              Checkbox Test 2
            </label>
          </div>
        </div>
      </div>
    </div>
    <div
      className="form-group"
    >
      <div
        className="input-holder"
      >
        <div
          className="input-holder"
        >
          <div
            className="wrap-fcustominp"
          >
            <div
              className="fcustominp-state disabled"
            >
              <div
                className="fcustominp"
              >
                <input
                  disabled={true}
                  id="checkboxTest6"
                  type="checkbox"
                />
                <label
                  for="radioTest6"
                />
              </div>
              <label
                className="fcustominp-label"
                for="radioTest6"
              >
                Checkbox Test 3
              </label>
            </div>
          </div>
        </div>
      </div>
    </div>
    <div
      className="form-group"
    >
      <div
        className="input-holder"
      >
        <div
          className="input-holder"
        >
          <div
            className="wrap-fcustominps-inline"
          >
            <div
              className="wrap-fcustominp"
            >
              <div
                className="fcustominp"
                onClick={[Function]}
              >
                <input
                  checked={true}
                  id="checkboxTest3"
                  type="checkbox"
                />
                <label
                  for="checkboxTest3"
                />
              </div>
              <label
                className="fcustominp-label"
              >
                Checkbox Inline Test 1
              </label>
            </div>
            <div
              className="wrap-fcustominp"
            >
              <div
                className="fcustominp"
                onClick={[Function]}
              >
                <input
                  checked={false}
                  id="checkboxTest4"
                  type="checkbox"
                />
                <label
                  for="checkboxTest4"
                />
              </div>
              <label
                className="fcustominp-label"
              >
                Checkbox Inline Test 2
              </label>
            </div>
            <div
              className="wrap-fcustominp"
            >
              <div
                className="fcustominp"
                onClick={[Function]}
              >
                <input
                  checked={false}
                  id="checkboxTest5"
                  type="checkbox"
                />
                <label
                  for="checkboxTest5"
                />
              </div>
              <label
                className="fcustominp-label"
              >
                Checkbox Inline Test 3
              </label>
            </div>
          </div>
        </div>
      </div>
    </div>
  </div>
</div>
`;

exports[`Component <Checkboxes /> should renders Checkboxes with props correctly 6`] = `
<div
  className="ui-section"
  id="checkboxes"
>
  <strong
    className="ui-title"
  >
    Checkboxes
  </strong>
  <div
    className="form-group-wrapper"
  >
    <div
      className="form-group"
    >
      <div
        className="input-holder"
      >
        <div
          className="input-holder"
        >
          <div
            className="wrap-fcustominp"
          >
            <div
              className="fcustominp"
              onClick={[Function]}
            >
              <input
                checked={false}
                id="checkboxTest1"
                type="checkbox"
              />
              <label
                for="checkboxTest1"
              />
            </div>
            <label
              className="fcustominp-label"
            >
              Checkbox Test 1
            </label>
          </div>
        </div>
      </div>
    </div>
    <div
      className="form-group"
    >
      <div
        className="input-holder"
      >
        <div
          className="input-holder"
        >
          <div
            className="wrap-fcustominp"
          >
            <div
              className="fcustominp"
              onClick={[Function]}
            >
              <input
                checked={false}
                id="checkboxTest2"
                type="checkbox"
              />
              <label
                for="checkboxTest2"
              />
            </div>
            <label
              className="fcustominp-label"
            >
              Checkbox Test 2
            </label>
          </div>
        </div>
      </div>
    </div>
    <div
      className="form-group"
    >
      <div
        className="input-holder"
      >
        <div
          className="input-holder"
        >
          <div
            className="wrap-fcustominp"
          >
            <div
              className="fcustominp-state disabled"
            >
              <div
                className="fcustominp"
              >
                <input
                  disabled={true}
                  id="checkboxTest6"
                  type="checkbox"
                />
                <label
                  for="radioTest6"
                />
              </div>
              <label
                className="fcustominp-label"
                for="radioTest6"
              >
                Checkbox Test 3
              </label>
            </div>
          </div>
        </div>
      </div>
    </div>
    <div
      className="form-group"
    >
      <div
        className="input-holder"
      >
        <div
          className="input-holder"
        >
          <div
            className="wrap-fcustominps-inline"
          >
            <div
              className="wrap-fcustominp"
            >
              <div
                className="fcustominp"
                onClick={[Function]}
              >
                <input
                  checked={false}
                  id="checkboxTest3"
                  type="checkbox"
                />
                <label
                  for="checkboxTest3"
                />
              </div>
              <label
                className="fcustominp-label"
              >
                Checkbox Inline Test 1
              </label>
            </div>
            <div
              className="wrap-fcustominp"
            >
              <div
                className="fcustominp"
                onClick={[Function]}
              >
                <input
                  checked={true}
                  id="checkboxTest4"
                  type="checkbox"
                />
                <label
                  for="checkboxTest4"
                />
              </div>
              <label
                className="fcustominp-label"
              >
                Checkbox Inline Test 2
              </label>
            </div>
            <div
              className="wrap-fcustominp"
            >
              <div
                className="fcustominp"
                onClick={[Function]}
              >
                <input
                  checked={false}
                  id="checkboxTest5"
                  type="checkbox"
                />
                <label
                  for="checkboxTest5"
                />
              </div>
              <label
                className="fcustominp-label"
              >
                Checkbox Inline Test 3
              </label>
            </div>
          </div>
        </div>
      </div>
    </div>
  </div>
</div>
`;

exports[`Component <Checkboxes /> should renders Checkboxes with props correctly 7`] = `
<div
  className="ui-section"
  id="checkboxes"
>
  <strong
    className="ui-title"
  >
    Checkboxes
  </strong>
  <div
    className="form-group-wrapper"
  >
    <div
      className="form-group"
    >
      <div
        className="input-holder"
      >
        <div
          className="input-holder"
        >
          <div
            className="wrap-fcustominp"
          >
            <div
              className="fcustominp"
              onClick={[Function]}
            >
              <input
                checked={false}
                id="checkboxTest1"
                type="checkbox"
              />
              <label
                for="checkboxTest1"
              />
            </div>
            <label
              className="fcustominp-label"
            >
              Checkbox Test 1
            </label>
          </div>
        </div>
      </div>
    </div>
    <div
      className="form-group"
    >
      <div
        className="input-holder"
      >
        <div
          className="input-holder"
        >
          <div
            className="wrap-fcustominp"
          >
            <div
              className="fcustominp"
              onClick={[Function]}
            >
              <input
                checked={false}
                id="checkboxTest2"
                type="checkbox"
              />
              <label
                for="checkboxTest2"
              />
            </div>
            <label
              className="fcustominp-label"
            >
              Checkbox Test 2
            </label>
          </div>
        </div>
      </div>
    </div>
    <div
      className="form-group"
    >
      <div
        className="input-holder"
      >
        <div
          className="input-holder"
        >
          <div
            className="wrap-fcustominp"
          >
            <div
              className="fcustominp-state disabled"
            >
              <div
                className="fcustominp"
              >
                <input
                  disabled={true}
                  id="checkboxTest6"
                  type="checkbox"
                />
                <label
                  for="radioTest6"
                />
              </div>
              <label
                className="fcustominp-label"
                for="radioTest6"
              >
                Checkbox Test 3
              </label>
            </div>
          </div>
        </div>
      </div>
    </div>
    <div
      className="form-group"
    >
      <div
        className="input-holder"
      >
        <div
          className="input-holder"
        >
          <div
            className="wrap-fcustominps-inline"
          >
            <div
              className="wrap-fcustominp"
            >
              <div
                className="fcustominp"
                onClick={[Function]}
              >
                <input
                  checked={false}
                  id="checkboxTest3"
                  type="checkbox"
                />
                <label
                  for="checkboxTest3"
                />
              </div>
              <label
                className="fcustominp-label"
              >
                Checkbox Inline Test 1
              </label>
            </div>
            <div
              className="wrap-fcustominp"
            >
              <div
                className="fcustominp"
                onClick={[Function]}
              >
                <input
                  checked={false}
                  id="checkboxTest4"
                  type="checkbox"
                />
                <label
                  for="checkboxTest4"
                />
              </div>
              <label
                className="fcustominp-label"
              >
                Checkbox Inline Test 2
              </label>
            </div>
            <div
              className="wrap-fcustominp"
            >
              <div
                className="fcustominp"
                onClick={[Function]}
              >
                <input
                  checked={true}
                  id="checkboxTest5"
                  type="checkbox"
                />
                <label
                  for="checkboxTest5"
                />
              </div>
              <label
                className="fcustominp-label"
              >
                Checkbox Inline Test 3
              </label>
            </div>
          </div>
        </div>
      </div>
    </div>
  </div>
</div>
`;

exports[`Component <Checkboxes /> should renders Checkboxes with props correctly 8`] = `
<div
  className="ui-section"
  id="checkboxes"
>
  <strong
    className="ui-title"
  >
    Checkboxes
  </strong>
  <div
    className="form-group-wrapper"
  >
    <div
      className="form-group"
    >
      <div
        className="input-holder"
      >
        <div
          className="input-holder"
        >
          <div
            className="wrap-fcustominp"
          >
            <div
              className="fcustominp"
              onClick={[Function]}
            >
              <input
                checked={false}
                id="checkboxTest1"
                type="checkbox"
              />
              <label
                for="checkboxTest1"
              />
            </div>
            <label
              className="fcustominp-label"
            >
              Checkbox Test 1
            </label>
          </div>
        </div>
      </div>
    </div>
    <div
      className="form-group"
    >
      <div
        className="input-holder"
      >
        <div
          className="input-holder"
        >
          <div
            className="wrap-fcustominp"
          >
            <div
              className="fcustominp"
              onClick={[Function]}
            >
              <input
                checked={false}
                id="checkboxTest2"
                type="checkbox"
              />
              <label
                for="checkboxTest2"
              />
            </div>
            <label
              className="fcustominp-label"
            >
              Checkbox Test 2
            </label>
          </div>
        </div>
      </div>
    </div>
    <div
      className="form-group"
    >
      <div
        className="input-holder"
      >
        <div
          className="input-holder"
        >
          <div
            className="wrap-fcustominp"
          >
            <div
              className="fcustominp-state disabled"
            >
              <div
                className="fcustominp"
              >
                <input
                  disabled={true}
                  id="checkboxTest6"
                  type="checkbox"
                />
                <label
                  for="radioTest6"
                />
              </div>
              <label
                className="fcustominp-label"
                for="radioTest6"
              >
                Checkbox Test 3
              </label>
            </div>
          </div>
        </div>
      </div>
    </div>
    <div
      className="form-group"
    >
      <div
        className="input-holder"
      >
        <div
          className="input-holder"
        >
          <div
            className="wrap-fcustominps-inline"
          >
            <div
              className="wrap-fcustominp"
            >
              <div
                className="fcustominp"
                onClick={[Function]}
              >
                <input
                  checked={false}
                  id="checkboxTest3"
                  type="checkbox"
                />
                <label
                  for="checkboxTest3"
                />
              </div>
              <label
                className="fcustominp-label"
              >
                Checkbox Inline Test 1
              </label>
            </div>
            <div
              className="wrap-fcustominp"
            >
              <div
                className="fcustominp"
                onClick={[Function]}
              >
                <input
                  checked={false}
                  id="checkboxTest4"
                  type="checkbox"
                />
                <label
                  for="checkboxTest4"
                />
              </div>
              <label
                className="fcustominp-label"
              >
                Checkbox Inline Test 2
              </label>
            </div>
            <div
              className="wrap-fcustominp"
            >
              <div
                className="fcustominp"
                onClick={[Function]}
              >
                <input
                  checked={false}
                  id="checkboxTest5"
                  type="checkbox"
                />
                <label
                  for="checkboxTest5"
                />
              </div>
              <label
                className="fcustominp-label"
              >
                Checkbox Inline Test 3
              </label>
            </div>
          </div>
        </div>
      </div>
    </div>
  </div>
</div>
`;
