// Jest Snapshot v1, https://goo.gl/fbAQLP

exports[`Component <Highlighters /> should renders Highlighters with props correctly 1`] = `
<div
  className="ui-section"
  id="highlighter"
>
  <strong
    className="ui-title"
  >
    Highlighters
  </strong>
  <div
    className="form-group-wrapper"
  >
    <div
      className="row"
    >
      <div
        className="col-xs-4"
      >
        <div
          className="highlighter-wrapper"
        >
          <span
            className="highlighter-success"
          />
          <div
            className="ui-highlighter"
          />
        </div>
      </div>
      <div
        className="col-xs-4"
      >
        <div
          className="highlighter-wrapper"
        >
          <span
            className="highlighter-warning"
          />
          <div
            className="ui-highlighter"
          />
        </div>
      </div>
      <div
        className="col-xs-4"
      >
        <div
          className="highlighter-wrapper"
        >
          <span
            className="highlighter-danger"
          />
          <div
            className="ui-highlighter"
          />
        </div>
      </div>
    </div>
  </div>
</div>
`;
