// Jest Snapshot v1, https://goo.gl/fbAQLP

exports[`Component <Pagination /> should renders Pagination with props correctly 1`] = `
<div
  className="ui-section"
  id="pagination"
>
  <strong
    className="ui-title"
  >
    Pagination (page 18)
  </strong>
  <div
    className="row"
  >
    <div
      className="col-xs-12 col-sm-6"
    >
      <div
        className="ui-sub-section"
      >
        <div
          className="ui-sub-title"
        >
          Pagination normal
        </div>
        <div
          className="wrap-control-group"
        >
          <div
            className="control-group with-indent left"
          >
            <PaginationBlock
              entriesPerPage={20}
              offset={334}
              setOffset={[Function]}
              totalEntriesAmount={1200}
            />
          </div>
        </div>
      </div>
    </div>
    <div
      className="col-xs-12 col-sm-6"
    >
      <div
        className="ui-sub-section"
      >
        <div
          className="ui-sub-title"
        >
          Pagination short
        </div>
        <div
          className="wrap-control-group"
        >
          <div
            className="control-group with-indent left"
          >
            <PaginationBlock
              entriesPerPage={20}
              offset={1}
              setOffset={[Function]}
              totalEntriesAmount={19}
            />
          </div>
        </div>
      </div>
    </div>
  </div>
</div>
`;
