// Jest Snapshot v1, https://goo.gl/fbAQLP

exports[`Component <Sidebar /> should renders Sidebar with props correctly 1`] = `
<div
  className="ui-sidebar"
>
  <div
    className="ui-sidebar-inner"
  >
    <ul
      className="ui-sidebar-nav"
    >
      <li
        className="ui-sidebar-item"
      >
        <a
          className="ui-sidebar-link"
          onClick={[Function]}
        >
          Color Pallete
        </a>
        <ul
          className="ui-sidebar-sub-nav"
        >
          <li
            className="ui-sidebar-sub-item"
          >
            <a
              className="ui-sidebar-sub-link"
              onClick={[Function]}
            >
              Main colors
            </a>
          </li>
          <li
            className="ui-sidebar-sub-item"
          >
            <a
              className="ui-sidebar-sub-link"
              onClick={[Function]}
            >
              Theme colors
            </a>
          </li>
          <li
            className="ui-sidebar-sub-item"
          >
            <a
              className="ui-sidebar-sub-link"
              onClick={[Function]}
            >
              Black and White colors
            </a>
          </li>
        </ul>
      </li>
      <li
        className="ui-sidebar-item"
      >
        <a
          className="ui-sidebar-link"
          onClick={[Function]}
        >
          Typography
        </a>
        <ul
          className="ui-sidebar-sub-nav"
        >
          <li
            className="ui-sidebar-sub-item"
          >
            <a
              className="ui-sidebar-sub-link"
              onClick={[Function]}
            >
              Headings
            </a>
          </li>
          <li
            className="ui-sidebar-sub-item"
          >
            <a
              className="ui-sidebar-sub-link"
              onClick={[Function]}
            >
              Paragraphs
            </a>
          </li>
          <li
            className="ui-sidebar-sub-item"
          >
            <a
              className="ui-sidebar-sub-link"
              onClick={[Function]}
            >
              Lists
            </a>
          </li>
        </ul>
      </li>
      <li
        className="ui-sidebar-item"
      >
        <a
          className="ui-sidebar-link"
          onClick={[Function]}
        >
          Components
        </a>
        <ul
          className="ui-sidebar-sub-nav"
        >
          <li
            className="ui-sidebar-sub-item"
          >
            <a
              className="ui-sidebar-sub-link"
              onClick={[Function]}
            >
              Buttons
            </a>
          </li>
          <li
            className="ui-sidebar-sub-item"
          >
            <a
              className="ui-sidebar-sub-link"
              onClick={[Function]}
            >
              Control Group
            </a>
          </li>
          <li
            className="ui-sidebar-sub-item"
          >
            <a
              className="ui-sidebar-sub-link"
              onClick={[Function]}
            >
              Form
            </a>
          </li>
          <li
            className="ui-sidebar-sub-item"
          >
            <a
              className="ui-sidebar-sub-link"
              onClick={[Function]}
            >
              Form section
            </a>
          </li>
          <li
            className="ui-sidebar-sub-item"
          >
            <a
              className="ui-sidebar-sub-link"
              onClick={[Function]}
            >
              Inputs
            </a>
          </li>
          <li
            className="ui-sidebar-sub-item"
          >
            <a
              className="ui-sidebar-sub-link"
              onClick={[Function]}
            >
              Selects
            </a>
          </li>
          <li
            className="ui-sidebar-sub-item"
          >
            <a
              className="ui-sidebar-sub-link"
              onClick={[Function]}
            >
              Checkboxes
            </a>
          </li>
          <li
            className="ui-sidebar-sub-item"
          >
            <a
              className="ui-sidebar-sub-link"
              onClick={[Function]}
            >
              Radio
            </a>
          </li>
          <li
            className="ui-sidebar-sub-item"
          >
            <a
              className="ui-sidebar-sub-link"
              onClick={[Function]}
            >
              Switch
            </a>
          </li>
          <li
            className="ui-sidebar-sub-item"
          >
            <a
              className="ui-sidebar-sub-link"
              onClick={[Function]}
            >
              Input File
            </a>
          </li>
          <li
            className="ui-sidebar-sub-item"
          >
            <a
              className="ui-sidebar-sub-link"
              onClick={[Function]}
            >
              Date Picker
            </a>
          </li>
          <li
            className="ui-sidebar-sub-item"
          >
            <a
              className="ui-sidebar-sub-link"
              onClick={[Function]}
            >
              Slider Range
            </a>
          </li>
          <li
            className="ui-sidebar-sub-item"
          >
            <a
              className="ui-sidebar-sub-link"
              onClick={[Function]}
            >
              Scrollbar
            </a>
          </li>
          <li
            className="ui-sidebar-sub-item"
          >
            <a
              className="ui-sidebar-sub-link"
              onClick={[Function]}
            >
              Labels
            </a>
          </li>
          <li
            className="ui-sidebar-sub-item"
          >
            <a
              className="ui-sidebar-sub-link"
              onClick={[Function]}
            >
              Color Palette for Themes
            </a>
          </li>
          <li
            className="ui-sidebar-sub-item"
          >
            <a
              className="ui-sidebar-sub-link"
              onClick={[Function]}
            >
              Selectable
            </a>
          </li>
          <li
            className="ui-sidebar-sub-item"
          >
            <a
              className="ui-sidebar-sub-link"
              onClick={[Function]}
            >
              Highlighters
            </a>
          </li>
          <li
            className="ui-sidebar-sub-item"
          >
            <a
              className="ui-sidebar-sub-link"
              onClick={[Function]}
            >
              Spinner
            </a>
          </li>
          <li
            className="ui-sidebar-sub-item"
          >
            <a
              className="ui-sidebar-sub-link"
              onClick={[Function]}
            >
              Pagination
            </a>
          </li>
          <li
            className="ui-sidebar-sub-item"
          >
            <a
              className="ui-sidebar-sub-link"
              onClick={[Function]}
            >
              Modal
            </a>
          </li>
          <li
            className="ui-sidebar-sub-item"
          >
            <a
              className="ui-sidebar-sub-link"
              onClick={[Function]}
            >
              Dropdowns
            </a>
          </li>
          <li
            className="ui-sidebar-sub-item"
          >
            <a
              className="ui-sidebar-sub-link"
              onClick={[Function]}
            >
              Panels
            </a>
          </li>
          <li
            className="ui-sidebar-sub-item"
          >
            <a
              className="ui-sidebar-sub-link"
              onClick={[Function]}
            >
              Tables
            </a>
          </li>
        </ul>
      </li>
      <li
        className="ui-sidebar-item"
      >
        <a
          className="ui-sidebar-link"
          onClick={[Function]}
        >
          Grid System
        </a>
        <ul
          className="ui-sidebar-sub-nav"
        >
          <li
            className="ui-sidebar-sub-item"
          >
            <a
              className="ui-sidebar-sub-link"
              onClick={[Function]}
            >
              Grid Options
            </a>
          </li>
          <li
            className="ui-sidebar-sub-item"
          >
            <a
              className="ui-sidebar-sub-link"
              onClick={[Function]}
            >
              Grid Examples
            </a>
          </li>
        </ul>
      </li>
      <li
        className="ui-sidebar-item"
      >
        <a
          className="ui-sidebar-link"
          onClick={[Function]}
        >
          Blocks
        </a>
        <ul
          className="ui-sidebar-sub-nav"
        >
          <li
            className="ui-sidebar-sub-item"
          >
            <a
              className="ui-sidebar-sub-link"
              onClick={[Function]}
            >
              Header
            </a>
          </li>
          <li
            className="ui-sidebar-sub-item"
          >
            <a
              className="ui-sidebar-sub-link"
              onClick={[Function]}
            >
              Footer
            </a>
          </li>
          <li
            className="ui-sidebar-sub-item"
          >
            <a
              className="ui-sidebar-sub-link"
              onClick={[Function]}
            >
              Info of patient
            </a>
          </li>
          <li
            className="ui-sidebar-sub-item"
          >
            <a
              className="ui-sidebar-sub-link"
              onClick={[Function]}
            >
              Breadcrumbs
            </a>
          </li>
          <li
            className="ui-sidebar-sub-item"
          >
            <a
              className="ui-sidebar-sub-link"
              onClick={[Function]}
            >
              Sidebar
            </a>
          </li>
          <li
            className="ui-sidebar-sub-item"
          >
            <a
              className="ui-sidebar-sub-link"
              onClick={[Function]}
            >
              Panel heading with filter
            </a>
          </li>
          <li
            className="ui-sidebar-sub-item"
          >
            <a
              className="ui-sidebar-sub-link"
              onClick={[Function]}
            >
              Patient Summary Dashboard
            </a>
          </li>
          <li
            className="ui-sidebar-sub-item"
          >
            <a
              className="ui-sidebar-sub-link"
              onClick={[Function]}
            >
              Vitals - News Input and Popover
            </a>
          </li>
          <li
            className="ui-sidebar-sub-item"
          >
            <a
              className="ui-sidebar-sub-link"
              onClick={[Function]}
            >
              Timeline
            </a>
          </li>
          <li
            className="ui-sidebar-sub-item"
          >
            <a
              className="ui-sidebar-sub-link"
              onClick={[Function]}
            >
              Charts
            </a>
          </li>
        </ul>
      </li>
    </ul>
  </div>
</div>
`;
