// Jest Snapshot v1, https://goo.gl/fbAQLP

exports[`Component <ColorPalete /> should renders ColorPalete with props correctly 1`] = `
<div
  className="ui-section"
  id="color-pallete"
>
  <h2
    className="ui-main-title"
  >
    Color Pallete
  </h2>
  <div
    className="ui-sub-section"
    id="main-colors"
  >
    <strong
      className="ui-title"
    >
      Main colors
    </strong>
    <div
      className="row"
    >
      <div
        className="col-xs-6 col-md-4"
      >
        <div
          className="ui-color-box ui-color-default"
        >
          <div
            className="ui-color-box-example"
          />
          <div
            className="ui-color-heading"
          >
            Default Color
          </div>
          <div
            className="ui-color-box-hex"
          />
        </div>
      </div>
      <div
        className="col-xs-6 col-md-4"
      >
        <div
          className="ui-color-box ui-color-primary"
        >
          <div
            className="ui-color-box-example"
          />
          <div
            className="ui-color-heading"
          >
            Primary Color
          </div>
          <div
            className="ui-color-box-hex"
          />
        </div>
      </div>
      <div
        className="col-xs-6 col-md-4"
      >
        <div
          className="ui-color-box ui-color-success"
        >
          <div
            className="ui-color-box-example"
          />
          <div
            className="ui-color-heading"
          >
            Success Color
          </div>
          <div
            className="ui-color-box-hex"
          />
        </div>
      </div>
      <div
        className="col-xs-6 col-md-4"
      >
        <div
          className="ui-color-box ui-color-info"
        >
          <div
            className="ui-color-box-example"
          />
          <div
            className="ui-color-heading"
          >
            Info Color
          </div>
          <div
            className="ui-color-box-hex"
          />
        </div>
      </div>
      <div
        className="col-xs-6 col-md-4"
      >
        <div
          className="ui-color-box ui-color-warning"
        >
          <div
            className="ui-color-box-example"
          />
          <div
            className="ui-color-heading"
          >
            Warning Color
          </div>
          <div
            className="ui-color-box-hex"
          />
        </div>
      </div>
      <div
        className="col-xs-6 col-md-4"
      >
        <div
          className="ui-color-box ui-color-danger"
        >
          <div
            className="ui-color-box-example"
          />
          <div
            className="ui-color-heading"
          >
            Danger Color
          </div>
          <div
            className="ui-color-box-hex"
          />
        </div>
      </div>
    </div>
  </div>
  <div
    className="ui-sub-section"
    id="theme-colors"
  >
    <strong
      className="ui-title"
    >
      Theme colors
    </strong>
    <div
      className="row"
    >
      <div
        className="col-xs-6 col-md-4"
      >
        <div
          className="ui-color-box ui-color-base-color"
        >
          <div
            className="ui-color-box-example"
          />
          <div
            className="ui-color-heading"
          >
            Base Color
          </div>
          <div
            className="ui-color-box-hex"
          />
        </div>
      </div>
      <div
        className="col-xs-6 col-md-4"
      >
        <div
          className="ui-color-box ui-color-light-color"
        >
          <div
            className="ui-color-box-example"
          />
          <div
            className="ui-color-heading"
          >
            Light Color
          </div>
          <div
            className="ui-color-box-hex"
          />
        </div>
      </div>
      <div
        className="col-xs-6 col-md-4"
      >
        <div
          className="ui-color-box ui-color-lighter-color"
        >
          <div
            className="ui-color-box-example"
          />
          <div
            className="ui-color-heading"
          >
            Lighter Color
          </div>
          <div
            className="ui-color-box-hex"
          />
        </div>
      </div>
    </div>
  </div>
  <div
    className="ui-sub-section"
    id="black-white-colors"
  >
    <strong
      className="ui-title"
    >
      Black and White colors
    </strong>
    <ul
      className="ui-list-colors list-reset"
    >
      <li
        className="ui-list-colors-item"
      >
        <span
          className="ui-color"
          style={
            Object {
              "background": "#ffffff",
            }
          }
        />
        <span
          className="ui-color-name"
        >
          #ffffff
        </span>
      </li>
      <li
        className="ui-list-colors-item"
      >
        <span
          className="ui-color"
          style={
            Object {
              "background": "#f7f7f7",
            }
          }
        />
        <span
          className="ui-color-name"
        >
          #f7f7f7
        </span>
      </li>
      <li
        className="ui-list-colors-item"
      >
        <span
          className="ui-color"
          style={
            Object {
              "background": "#f3f3f3",
            }
          }
        />
        <span
          className="ui-color-name"
        >
          #f3f3f3
        </span>
      </li>
      <li
        className="ui-list-colors-item"
      >
        <span
          className="ui-color"
          style={
            Object {
              "background": "#eeeeee",
            }
          }
        />
        <span
          className="ui-color-name"
        >
          #eeeeee
        </span>
      </li>
      <li
        className="ui-list-colors-item"
      >
        <span
          className="ui-color"
          style={
            Object {
              "background": "#e8e8e8",
            }
          }
        />
        <span
          className="ui-color-name"
        >
          #e8e8e8
        </span>
      </li>
      <li
        className="ui-list-colors-item"
      >
        <span
          className="ui-color"
          style={
            Object {
              "background": "#d8d8d8",
            }
          }
        />
        <span
          className="ui-color-name"
        >
          #d8d8d8
        </span>
      </li>
      <li
        className="ui-list-colors-item"
      >
        <span
          className="ui-color"
          style={
            Object {
              "background": "#cccccc",
            }
          }
        />
        <span
          className="ui-color-name"
        >
          #cccccc
        </span>
      </li>
      <li
        className="ui-list-colors-item"
      >
        <span
          className="ui-color"
          style={
            Object {
              "background": "#bdbdbd",
            }
          }
        />
        <span
          className="ui-color-name"
        >
          #bdbdbd
        </span>
      </li>
      <li
        className="ui-list-colors-item"
      >
        <span
          className="ui-color"
          style={
            Object {
              "background": "#aaaaaa",
            }
          }
        />
        <span
          className="ui-color-name"
        >
          #aaaaaa
        </span>
      </li>
      <li
        className="ui-list-colors-item"
      >
        <span
          className="ui-color"
          style={
            Object {
              "background": "#949494",
            }
          }
        />
        <span
          className="ui-color-name"
        >
          #949494
        </span>
      </li>
      <li
        className="ui-list-colors-item"
      >
        <span
          className="ui-color"
          style={
            Object {
              "background": "#303030",
            }
          }
        />
        <span
          className="ui-color-name"
        >
          #303030
        </span>
      </li>
      <li
        className="ui-list-colors-item"
      >
        <span
          className="ui-color"
          style={
            Object {
              "background": "#222222",
            }
          }
        />
        <span
          className="ui-color-name"
        >
          #222222
        </span>
      </li>
      <li
        className="ui-list-colors-item"
      >
        <span
          className="ui-color"
          style={
            Object {
              "background": "#000000",
            }
          }
        />
        <span
          className="ui-color-name"
        >
          #000000
        </span>
      </li>
    </ul>
  </div>
</div>
`;
